[2026-03-22 11:58:41] [INFO] Queued async new report email notification {"recipient_count":2}
[2026-03-22 11:58:41] [INFO] Report created {"report_id":"38","user_id":2}
[2026-03-22 12:54:57] [INFO] Queued async new report email notification {"recipient_count":1}
[2026-03-22 12:54:57] [INFO] Report created {"report_id":"39","user_id":50}
[2026-03-22 13:12:48] [INFO] Queued async new report email notification {"recipient_count":1}
[2026-03-22 13:12:48] [INFO] Report created {"report_id":"40","user_id":50}
[2026-03-22 14:41:28] [INFO] Report updated {"report_id":"40","user_id":2}
[2026-03-22 14:58:01] [INFO] Report updated {"report_id":40,"user_id":1}
[2026-03-22 14:58:09] [INFO] Report updated {"report_id":40,"user_id":1}
[2026-03-22 16:21:21] [INFO] Report created {"report_id":"41","user_id":50}
[2026-03-22 16:29:55] [INFO] New report email notification sent to super admin {"report_id":"42","recipient_count":1}
[2026-03-22 16:29:55] [INFO] Report created {"report_id":"42","user_id":50}
[2026-03-22 16:42:37] [INFO] New report email notification sent to super admin {"report_id":"43","recipient_count":1}
[2026-03-22 16:42:37] [INFO] Report created {"report_id":"43","user_id":50}
[2026-03-22 16:52:30] [INFO] New report email notification sent to super admin {"report_id":"44","recipient_count":1}
[2026-03-22 16:52:30] [INFO] Report created {"report_id":"44","user_id":50}
[2026-03-22 16:59:29] [WARNING] New report email notification was not sent {"report_id":"45","recipient_count":1}
[2026-03-22 16:59:29] [INFO] Report created {"report_id":"45","user_id":50}
[2026-03-22 17:05:24] [INFO] New report email notification sent to super admin {"report_id":"46","recipient_count":1}
[2026-03-22 17:05:24] [INFO] Report created {"report_id":"46","user_id":50}
